// Jest Snapshot v1, https://goo.gl/fbAQLP

exports[`Probando MultipleCustomHook Debe de mostrrase correctamente  1`] = `
<div>
  <h1>
    BreakingBad Quotes
  </h1>
  <hr />
  <blockquote
    className="blockquote text-right"
  >
    <p
      className="mb-2"
    />
    <footer
      className="blockquote-footer"
    />
  </blockquote>
  <button
    className="btn btn-primary"
    onClick={[Function]}
  >
    Siguiente
  </button>
</div>
`;
