// Jest Snapshot v1, https://goo.gl/fbAQLP

exports[`Probando AddCategory Snapshot de <AddCategory/> 1`] = `
<form
  onSubmit={[Function]}
>
  <p />
  <input
    onChange={[Function]}
    placeholder="Buscado tu Gif"
    type="text"
    value=""
  />
</form>
`;
