// Jest Snapshot v1, https://goo.gl/fbAQLP

exports[`Probando HeroeScreen Debe de mostrar el componente redirect  1`] = `""`;
